$ eslint "{src,test}/**/*.ts"

C:\Users\Mateus Teodoro\Mariana-makeup\apps\backend\src\admin\admin.service.ts
  170:18  warning  Unexpected any. Specify a different type  @typescript-eslint/no-explicit-any

C:\Users\Mateus Teodoro\Mariana-makeup\apps\backend\src\appointments\appointments.controller.ts
  23:61  warning  Unexpected any. Specify a different type  @typescript-eslint/no-explicit-any
  32:38  warning  Unexpected any. Specify a different type  @typescript-eslint/no-explicit-any
  38:34  warning  Unexpected any. Specify a different type  @typescript-eslint/no-explicit-any
  44:33  warning  Unexpected any. Specify a different type  @typescript-eslint/no-explicit-any
  57:53  warning  Unexpected any. Specify a different type  @typescript-eslint/no-explicit-any
  64:51  warning  Unexpected any. Specify a different type  @typescript-eslint/no-explicit-any
  72:65  warning  Unexpected any. Specify a different type  @typescript-eslint/no-explicit-any

C:\Users\Mateus Teodoro\Mariana-makeup\apps\backend\src\auth\guards\jwt-auth.guard.ts
  9:22  warning  Unexpected any. Specify a different type  @typescript-eslint/no-explicit-any
  9:33  warning  Unexpected any. Specify a different type  @typescript-eslint/no-explicit-any

C:\Users\Mateus Teodoro\Mariana-makeup\apps\backend\src\availability\availability.service.ts
  63:36  warning  Unexpected any. Specify a different type  @typescript-eslint/no-explicit-any

C:\Users\Mateus Teodoro\Mariana-makeup\apps\backend\src\notifications\notifications.service.ts
  14:50  warning  Unexpected any. Specify a different type  @typescript-eslint/no-explicit-any
  33:45  warning  Unexpected any. Specify a different type  @typescript-eslint/no-explicit-any

✖ 13 problems (0 errors, 13 warnings)

