$ node -e "try { require('fs').rmSync('.next/cache', { recursive: true, force: true }); } catch (e) {}"
$ next build
   Creating an optimized production build ...
 ✓ Compiled successfully
   Linting and checking validity of types ...

 ⚠ The Next.js plugin was not detected in your ESLint configuration. See https://nextjs.org/docs/basic-features/eslint#migrating-existing-config
   Collecting page data ...
   Generating static pages (0/14) ...
   Generating static pages (3/14) 
   Generating static pages (6/14) 
   Generating static pages (10/14) 
 ✓ Generating static pages (14/14) 
   Finalizing page optimization ...
   Collecting build traces ...

Route (app)                              Size     First Load JS
┌ ○ /                                    1.41 kB        92.7 kB
├ ○ /_not-found                          878 B          81.5 kB
├ ○ /admin                               3.97 kB          92 kB
├ ○ /agendar                             3.66 kB        91.7 kB
├ ○ /cadastro                            2.27 kB        90.3 kB
├ ○ /login                               1.94 kB          90 kB
├ ○ /minha-agenda                        4.27 kB        92.3 kB
├ ○ /perfil                              3.06 kB        91.1 kB
├ ○ /privacidade                         190 B          91.5 kB
├ ○ /servicos                            2.41 kB        90.4 kB
├ ○ /status                              924 B          81.5 kB
└ ○ /termos                              190 B          91.5 kB
+ First Load JS shared by all            80.6 kB
  ├ chunks/5f635570-03ff43966721a138.js  51.1 kB
  ├ chunks/871-e2c32af18bca66ac.js       27.5 kB
  ├ chunks/main-app-5b9896fb4481501a.js  231 B
  └ chunks/webpack-24bbfa2316a973dc.js   1.77 kB


○  (Static)  automatically rendered as static HTML (uses no initial props)

